Microsoft (R) Macro Assembler Version 6.11		    06/16/20 06:53:46
tempfile.asm						     Page 1 - 1


 0000				CODES SEGMENT
				    ASSUME CS:CODES
 0000				START:
 0000  B4 01				MOV AH,01H ;输入第一位数
 0002  CD 21			    INT 21H 
 0004  B1 04			    mov cl,4
 0006  8A D8				mov BL,AL 
 0008  80 FB 40				CMP	bl,40h  ;转化
 000B  76 03				JNA NEXT
 000D  80 EB 07			    sub  bL,07
 0010				NEXT:
 0010  80 EB 30				sub bL,30H
 0013  D2 E3			    shl bl,cl
 0015  B4 01				MOV AH,01H;输入第二位数
 0017  CD 21			    INT 21H 
 0019  8A C8			    mov cl,al
 001B  80 F9 40			    CMP	cl,40h	;转化
 001E  76 03				JNA NEXT1
 0020  80 E9 07			    sub  cL,07
 0023				NEXT1:
 0023  80 E9 30				sub cL,30H
 0026  80 E1 0F			 	and cl,0fh
 0029  02 D9			    add bl,cl   ;将bl输出
 002B  B2 0A			    MOV DL,0AH  ;输出换行
 002D  B4 02			    MOV AH,02H    
 002F  CD 21			    INT 21H
 0031  B2 0D			    MOV DL,0DH
 0033  CD 21			    INT 21H 
 0035  B9 0008				MOV CX,08H
 0038  D0 C3			rotate: ROL BL,1      ;取显示位的值
 003A  8A C3			        MOV  AL, BL     ;保存在AL中
 003C  24 01			        AND  AL, 01H   ;清除高4位
 003E  04 30				    ADD  AL, 30H    ;转变为数字的ASCII
 0040  8A D0				    MOV  DL,AL     ;送 ASCII字符到DL
 0042  B4 02			        MOV  AH, 2       ;显示DL中的字符
 0044  CD 21			        INT   21H   
 0046  E2 F0			        LOOP rotate 
 0048  B4 4C			     MOV  AH, 4CH   ;返回DOS
 004A  CD 21			     INT    21H
 004C				CODES ENDS
				    END START



Microsoft (R) Macro Assembler Version 6.11		    06/16/20 06:53:46
tempfile.asm						     Symbols 2 - 1




Segments and Groups:

                N a m e                 Size     Length   Align   Combine Class

CODES  . . . . . . . . . . . . .	16 Bit	 004C	  Para	  Private 


Symbols:

                N a m e                 Type     Value    Attr

NEXT1  . . . . . . . . . . . . .	L Near	 0023	  CODES	
NEXT . . . . . . . . . . . . . .	L Near	 0010	  CODES	
START  . . . . . . . . . . . . .	L Near	 0000	  CODES	
rotate . . . . . . . . . . . . .	L Near	 0038	  CODES	

	   0 Warnings
	   0 Errors
